Archive member included to satisfy reference by file (symbol)

c:/ac6/systemworkbench/plugins/fr.ac6.mcu.externaltools.arm-none.win32_1.15.0.201708311556/tools/compiler/bin/../lib/gcc/arm-none-eabi/6.3.1/../../../../arm-none-eabi/lib/thumb/v7-m\libc.a(lib_a-errno.o)
                              src/syscalls.o (__errno)
c:/ac6/systemworkbench/plugins/fr.ac6.mcu.externaltools.arm-none.win32_1.15.0.201708311556/tools/compiler/bin/../lib/gcc/arm-none-eabi/6.3.1/../../../../arm-none-eabi/lib/thumb/v7-m\libc.a(lib_a-exit.o)
                              c:/ac6/systemworkbench/plugins/fr.ac6.mcu.externaltools.arm-none.win32_1.15.0.201708311556/tools/compiler/bin/../lib/gcc/arm-none-eabi/6.3.1/../../../../arm-none-eabi/lib/thumb/v7-m/crt0.o (exit)
c:/ac6/systemworkbench/plugins/fr.ac6.mcu.externaltools.arm-none.win32_1.15.0.201708311556/tools/compiler/bin/../lib/gcc/arm-none-eabi/6.3.1/../../../../arm-none-eabi/lib/thumb/v7-m\libc.a(lib_a-impure.o)
                              c:/ac6/systemworkbench/plugins/fr.ac6.mcu.externaltools.arm-none.win32_1.15.0.201708311556/tools/compiler/bin/../lib/gcc/arm-none-eabi/6.3.1/../../../../arm-none-eabi/lib/thumb/v7-m\libc.a(lib_a-exit.o) (_global_impure_ptr)
c:/ac6/systemworkbench/plugins/fr.ac6.mcu.externaltools.arm-none.win32_1.15.0.201708311556/tools/compiler/bin/../lib/gcc/arm-none-eabi/6.3.1/../../../../arm-none-eabi/lib/thumb/v7-m\libc.a(lib_a-init.o)
                              c:/ac6/systemworkbench/plugins/fr.ac6.mcu.externaltools.arm-none.win32_1.15.0.201708311556/tools/compiler/bin/../lib/gcc/arm-none-eabi/6.3.1/../../../../arm-none-eabi/lib/thumb/v7-m/crt0.o (__libc_init_array)
c:/ac6/systemworkbench/plugins/fr.ac6.mcu.externaltools.arm-none.win32_1.15.0.201708311556/tools/compiler/bin/../lib/gcc/arm-none-eabi/6.3.1/../../../../arm-none-eabi/lib/thumb/v7-m\libc.a(lib_a-memset.o)
                              c:/ac6/systemworkbench/plugins/fr.ac6.mcu.externaltools.arm-none.win32_1.15.0.201708311556/tools/compiler/bin/../lib/gcc/arm-none-eabi/6.3.1/../../../../arm-none-eabi/lib/thumb/v7-m/crt0.o (memset)
c:/ac6/systemworkbench/plugins/fr.ac6.mcu.externaltools.arm-none.win32_1.15.0.201708311556/tools/compiler/bin/../lib/gcc/arm-none-eabi/6.3.1/../../../../arm-none-eabi/lib/thumb/v7-m\libc.a(lib_a-__call_atexit.o)
                              c:/ac6/systemworkbench/plugins/fr.ac6.mcu.externaltools.arm-none.win32_1.15.0.201708311556/tools/compiler/bin/../lib/gcc/arm-none-eabi/6.3.1/../../../../arm-none-eabi/lib/thumb/v7-m\libc.a(lib_a-exit.o) (__call_exitprocs)
c:/ac6/systemworkbench/plugins/fr.ac6.mcu.externaltools.arm-none.win32_1.15.0.201708311556/tools/compiler/bin/../lib/gcc/arm-none-eabi/6.3.1/../../../../arm-none-eabi/lib/thumb/v7-m\libc.a(lib_a-atexit.o)
                              c:/ac6/systemworkbench/plugins/fr.ac6.mcu.externaltools.arm-none.win32_1.15.0.201708311556/tools/compiler/bin/../lib/gcc/arm-none-eabi/6.3.1/../../../../arm-none-eabi/lib/thumb/v7-m\libc.a(lib_a-__call_atexit.o) (atexit)
c:/ac6/systemworkbench/plugins/fr.ac6.mcu.externaltools.arm-none.win32_1.15.0.201708311556/tools/compiler/bin/../lib/gcc/arm-none-eabi/6.3.1/../../../../arm-none-eabi/lib/thumb/v7-m\libc.a(lib_a-fini.o)
                              c:/ac6/systemworkbench/plugins/fr.ac6.mcu.externaltools.arm-none.win32_1.15.0.201708311556/tools/compiler/bin/../lib/gcc/arm-none-eabi/6.3.1/../../../../arm-none-eabi/lib/thumb/v7-m\libc.a(lib_a-__call_atexit.o) (__libc_fini_array)
c:/ac6/systemworkbench/plugins/fr.ac6.mcu.externaltools.arm-none.win32_1.15.0.201708311556/tools/compiler/bin/../lib/gcc/arm-none-eabi/6.3.1/../../../../arm-none-eabi/lib/thumb/v7-m\libc.a(lib_a-lock.o)
                              c:/ac6/systemworkbench/plugins/fr.ac6.mcu.externaltools.arm-none.win32_1.15.0.201708311556/tools/compiler/bin/../lib/gcc/arm-none-eabi/6.3.1/../../../../arm-none-eabi/lib/thumb/v7-m\libc.a(lib_a-__call_atexit.o) (__retarget_lock_acquire_recursive)
c:/ac6/systemworkbench/plugins/fr.ac6.mcu.externaltools.arm-none.win32_1.15.0.201708311556/tools/compiler/bin/../lib/gcc/arm-none-eabi/6.3.1/../../../../arm-none-eabi/lib/thumb/v7-m\libc.a(lib_a-__atexit.o)
                              c:/ac6/systemworkbench/plugins/fr.ac6.mcu.externaltools.arm-none.win32_1.15.0.201708311556/tools/compiler/bin/../lib/gcc/arm-none-eabi/6.3.1/../../../../arm-none-eabi/lib/thumb/v7-m\libc.a(lib_a-atexit.o) (__register_exitproc)

Allocating common symbols
Common symbol       size              file

__lock___atexit_recursive_mutex
                    0x1               c:/ac6/systemworkbench/plugins/fr.ac6.mcu.externaltools.arm-none.win32_1.15.0.201708311556/tools/compiler/bin/../lib/gcc/arm-none-eabi/6.3.1/../../../../arm-none-eabi/lib/thumb/v7-m\libc.a(lib_a-lock.o)
__lock___arc4random_mutex
[...]
Memory Configuration

Name             Origin             Length             Attributes
FLASH            0x08000000         0x00020000         xr
RAM              0x20000000         0x00005000         xrw
MEMORY_B1        0x60000000         0x00000000         xr
*default*        0x00000000         0xffffffff

Linker script and memory map

LOAD c:/ac6/systemworkbench/plugins/fr.ac6.mcu.externaltools.arm-none.win32_1.15.0.201708311556/tools/compiler/bin/../lib/gcc/arm-none-eabi/6.3.1/thumb/v7-m/crti.o
LOAD c:/ac6/systemworkbench/plugins/fr.ac6.mcu.externaltools.arm-none.win32_1.15.0.201708311556/tools/compiler/bin/../lib/gcc/arm-none-eabi/6.3.1/thumb/v7-m/crtbegin.o
LOAD c:/ac6/systemworkbench/plugins/fr.ac6.mcu.externaltools.arm-none.win32_1.15.0.201708311556/tools/compiler/bin/../lib/gcc/arm-none-eabi/6.3.1/../../../../arm-none-eabi/lib/thumb/v7-m/crt0.o
LOAD StdPeriph_Driver/src/misc.o
LOAD StdPeriph_Driver/src/stm32f10x_adc.o
LOAD StdPeriph_Driver/src/stm32f10x_bkp.o
LOAD StdPeriph_Driver/src/stm32f10x_can.o
LOAD StdPeriph_Driver/src/stm32f10x_cec.o
LOAD StdPeriph_Driver/src/stm32f10x_crc.o
LOAD StdPeriph_Driver/src/stm32f10x_dac.o
LOAD StdPeriph_Driver/src/stm32f10x_dbgmcu.o
LOAD StdPeriph_Driver/src/stm32f10x_dma.o
LOAD StdPeriph_Driver/src/stm32f10x_exti.o
LOAD StdPeriph_Driver/src/stm32f10x_flash.o
LOAD StdPeriph_Driver/src/stm32f10x_fsmc.o
LOAD StdPeriph_Driver/src/stm32f10x_gpio.o
LOAD StdPeriph_Driver/src/stm32f10x_i2c.o
LOAD StdPeriph_Driver/src/stm32f10x_iwdg.o
LOAD StdPeriph_Driver/src/stm32f10x_pwr.o
LOAD StdPeriph_Driver/src/stm32f10x_rcc.o
LOAD StdPeriph_Driver/src/stm32f10x_rtc.o
LOAD StdPeriph_Driver/src/stm32f10x_sdio.o
LOAD StdPeriph_Driver/src/stm32f10x_spi.o
LOAD StdPeriph_Driver/src/stm32f10x_tim.o
LOAD StdPeriph_Driver/src/stm32f10x_usart.o
LOAD StdPeriph_Driver/src/stm32f10x_wwdg.o
LOAD Utilities/STM32F1xx-Nucleo/stm32f1xx_nucleo.o
LOAD drv/hall.o
LOAD drv/hall_ng.o
LOAD drv/inverter.o
LOAD drv/led.o
LOAD drv/printf.o
LOAD drv/uart.o
LOAD src/main.o
LOAD src/syscalls.o
LOAD src/system_stm32f10x.o
LOAD startup/startup_stm32f10x_md.o
LOAD c:/ac6/systemworkbench/plugins/fr.ac6.mcu.externaltools.arm-none.win32_1.15.0.201708311556/tools/compiler/bin/../lib/gcc/arm-none-eabi/6.3.1/../../../../arm-none-eabi/lib/thumb/v7-m\libm.a
START GROUP
LOAD c:/ac6/systemworkbench/plugins/fr.ac6.mcu.externaltools.arm-none.win32_1.15.0.201708311556/tools/compiler/bin/../lib/gcc/arm-none-eabi/6.3.1/thumb/v7-m\libgcc.a
LOAD c:/ac6/systemworkbench/plugins/fr.ac6.mcu.externaltools.arm-none.win32_1.15.0.201708311556/tools/compiler/bin/../lib/gcc/arm-none-eabi/6.3.1/../../../../arm-none-eabi/lib/thumb/v7-m\libc.a
END GROUP
LOAD c:/ac6/systemworkbench/plugins/fr.ac6.mcu.externaltools.arm-none.win32_1.15.0.201708311556/tools/compiler/bin/../lib/gcc/arm-none-eabi/6.3.1/thumb/v7-m/crtend.o
LOAD c:/ac6/systemworkbench/plugins/fr.ac6.mcu.externaltools.arm-none.win32_1.15.0.201708311556/tools/compiler/bin/../lib/gcc/arm-none-eabi/6.3.1/thumb/v7-m/crtn.o
                0x20005000                _estack = 0x20005000
                0x00000000                _Min_Heap_Size = 0x0
                0x00000100                _Min_Stack_Size = 0x100

.isr_vector     0x08000000      0x10c
                0x08000000                . = ALIGN (0x4)
 *(.isr_vector)
 .isr_vector    0x08000000      0x10c startup/startup_stm32f10x_md.o
                0x08000000                g_pfnVectors
                0x0800010c                . = ALIGN (0x4)

.text           0x0800010c     0x1ebc
                0x0800010c                . = ALIGN (0x4)
 *(.text)
 .text          0x0800010c       0x6c c:/ac6/systemworkbench/plugins/fr.ac6.mcu.externaltools.arm-none.win32_1.15.0.201708311556/tools/compiler/bin/../lib/gcc/arm-none-eabi/6.3.1/thumb/v7-m/crtbegin.o
 *(.text*)
 .text.NVIC_Init
                0x08000178       0xc4 StdPeriph_Driver/src/misc.o
                0x08000178                NVIC_Init
 .text.EXTI_Init
                0x0800023c       0xe4 StdPeriph_Driver/src/stm32f10x_exti.o
                0x0800023c                EXTI_Init
 .text.EXTI_GetITStatus
                0x08000320       0x48 StdPeriph_Driver/src/stm32f10x_exti.o
                0x08000320                EXTI_GetITStatus
 .text.EXTI_ClearITPendingBit
                0x08000368       0x1c StdPeriph_Driver/src/stm32f10x_exti.o
                0x08000368                EXTI_ClearITPendingBit
 .text.GPIO_Init
                0x08000384      0x178 StdPeriph_Driver/src/stm32f10x_gpio.o
                0x08000384                GPIO_Init
 .text.GPIO_ReadInputData
                0x080004fc       0x18 StdPeriph_Driver/src/stm32f10x_gpio.o
                0x080004fc                GPIO_ReadInputData
 .text.GPIO_SetBits
                0x08000514       0x1c StdPeriph_Driver/src/stm32f10x_gpio.o
                0x08000514                GPIO_SetBits
 .text.GPIO_ResetBits
                0x08000530       0x1c StdPeriph_Driver/src/stm32f10x_gpio.o
                0x08000530                GPIO_ResetBits
 .text.GPIO_EXTILineConfig
                0x0800054c       0x84 StdPeriph_Driver/src/stm32f10x_gpio.o
                0x0800054c                GPIO_EXTILineConfig
 .text.RCC_GetClocksFreq
                0x080005d0      0x160 StdPeriph_Driver/src/stm32f10x_rcc.o
                0x080005d0                RCC_GetClocksFreq
 .text.RCC_APB2PeriphClockCmd
                0x08000730       0x3c StdPeriph_Driver/src/stm32f10x_rcc.o
                0x08000730                RCC_APB2PeriphClockCmd
 .text.RCC_APB1PeriphClockCmd
                0x0800076c       0x3c StdPeriph_Driver/src/stm32f10x_rcc.o
                0x0800076c                RCC_APB1PeriphClockCmd
 .text.TIM_TimeBaseInit
                0x080007a8       0xf8 StdPeriph_Driver/src/stm32f10x_tim.o
                0x080007a8                TIM_TimeBaseInit
 .text.TIM_OC1Init
                0x080008a0      0x118 StdPeriph_Driver/src/stm32f10x_tim.o
                0x080008a0                TIM_OC1Init
 .text.TIM_OC2Init
                0x080009b8      0x110 StdPeriph_Driver/src/stm32f10x_tim.o
                0x080009b8                TIM_OC2Init
 .text.TIM_OC3Init
                0x08000ac8      0x10c StdPeriph_Driver/src/stm32f10x_tim.o
                0x08000ac8                TIM_OC3Init
 .text.TIM_BDTRConfig
                0x08000bd4       0x4e StdPeriph_Driver/src/stm32f10x_tim.o
                0x08000bd4                TIM_BDTRConfig
 .text.TIM_Cmd  0x08000c22       0x3e StdPeriph_Driver/src/stm32f10x_tim.o
                0x08000c22                TIM_Cmd
 .text.TIM_CtrlPWMOutputs
                0x08000c60       0x4a StdPeriph_Driver/src/stm32f10x_tim.o
                0x08000c60                TIM_CtrlPWMOutputs
 .text.TIM_ITConfig
                0x08000caa       0x46 StdPeriph_Driver/src/stm32f10x_tim.o
                0x08000caa                TIM_ITConfig
 .text.TIM_CCxCmd
                0x08000cf0       0x54 StdPeriph_Driver/src/stm32f10x_tim.o
                0x08000cf0                TIM_CCxCmd
 .text.TIM_SelectOCxM
                0x08000d44       0xac StdPeriph_Driver/src/stm32f10x_tim.o
                0x08000d44                TIM_SelectOCxM
 .text.TIM_SetAutoreload
                0x08000df0       0x1c StdPeriph_Driver/src/stm32f10x_tim.o
                0x08000df0                TIM_SetAutoreload
 .text.TIM_GetITStatus
                0x08000e0c       0x52 StdPeriph_Driver/src/stm32f10x_tim.o
                0x08000e0c                TIM_GetITStatus
 .text.TIM_ClearITPendingBit
                0x08000e5e       0x20 StdPeriph_Driver/src/stm32f10x_tim.o
                0x08000e5e                TIM_ClearITPendingBit
 *fill*         0x08000e7e        0x2 
 .text.USART_Init
                0x08000e80      0x174 StdPeriph_Driver/src/stm32f10x_usart.o
                0x08000e80                USART_Init
 .text.USART_Cmd
                0x08000ff4       0x3e StdPeriph_Driver/src/stm32f10x_usart.o
                0x08000ff4                USART_Cmd
 .text.USART_SendData
                0x08001032       0x22 StdPeriph_Driver/src/stm32f10x_usart.o
                0x08001032                USART_SendData
 .text.USART_GetFlagStatus
                0x08001054       0x36 StdPeriph_Driver/src/stm32f10x_usart.o
                0x08001054                USART_GetFlagStatus
 *fill*         0x0800108a        0x2 
 .text.NVIC_EnableIRQ
                0x0800108c       0x30 drv/hall.o
 .text.Hall_Initialise
                0x080010bc       0x88 drv/hall.o
                0x080010bc                Hall_Initialise
 .text.Hall_EnableInterrupt
                0x08001144        0xe drv/hall.o
                0x08001144                Hall_EnableInterrupt
 *fill*         0x08001152        0x2 
 .text.EXTI9_5_IRQHandler
                0x08001154       0x6c drv/hall.o
                0x08001154                EXTI9_5_IRQHandler
 .text.Hall_GetPosition
                0x080011c0       0x20 drv/hall.o
                0x080011c0                Hall_GetPosition
 .text.Inverter_Initialise
                0x080011e0      0x128 drv/inverter.o
                0x080011e0                Inverter_Initialise
 .text.Inverter_SetState
                0x08001308       0x3c drv/inverter.o
                0x08001308                Inverter_SetState
 .text.Inverter_Enable
                0x08001344       0x30 drv/inverter.o
 .text.Inverter_Disable
                0x08001374       0x54 drv/inverter.o
 .text.Inverter_SetRawPWM
                0x080013c8       0x44 drv/inverter.o
                0x080013c8                Inverter_SetRawPWM
 .text.Inverter_SetPWM
                0x0800140c       0x3c drv/inverter.o
                0x0800140c                Inverter_SetPWM
 .text.Inverter_Commutate
                0x08001448       0xec drv/inverter.o
                0x08001448                Inverter_Commutate
 .text.LED_Initialise
                0x08001534       0x3c drv/led.o
                0x08001534                LED_Initialise
 .text.LED_On   0x08001570       0x20 drv/led.o
                0x08001570                LED_On
 .text.LED_Off  0x08001590       0x20 drv/led.o
                0x08001590                LED_Off
 .text.LED_Toggle
                0x080015b0       0x40 drv/led.o
                0x080015b0                LED_Toggle
 .text.ui2a     0x080015f0       0xac drv/printf.o
 .text.i2a      0x0800169c       0x34 drv/printf.o
 .text.a2d      0x080016d0       0x4e drv/printf.o
 .text.a2i      0x0800171e       0x66 drv/printf.o
 .text.putchw   0x08001784       0x74 drv/printf.o
 .text.tfp_format
                0x080017f8      0x19e drv/printf.o
                0x080017f8                tfp_format
 *fill*         0x08001996        0x2 
 .text.init_printf
                0x08001998       0x28 drv/printf.o
                0x08001998                init_printf
 .text.tfp_printf
                0x080019c0       0x34 drv/printf.o
                0x080019c0                tfp_printf
 .text.UART_Initialise
                0x080019f4        0xc drv/uart.o
                0x080019f4                UART_Initialise
 .text.USART2_Initialise
                0x08001a00       0x88 drv/uart.o
                0x08001a00                USART2_Initialise
 .text.UART_putc
                0x08001a88       0x34 drv/uart.o
                0x08001a88                UART_putc
 .text.NVIC_SetPriority
                0x08001abc       0x54 src/main.o
 .text.SysTick_Config
                0x08001b10       0x44 src/main.o
 .text.SysTick_Handler
                0x08001b54       0x34 src/main.o
                0x08001b54                SysTick_Handler
 .text.main     0x08001b88       0xbc src/main.o
                0x08001b88                main
 .text.Commutate
                0x08001c44       0x30 src/main.o
                0x08001c44                Commutate
 .text.TIM3_IRQHandler
                0x08001c74       0x2c src/main.o
                0x08001c74                TIM3_IRQHandler
 .text.SysTick_Init
                0x08001ca0       0x34 src/main.o
                0x08001ca0                SysTick_Init
 .text.SystemInit
                0x08001cd4       0x68 src/system_stm32f10x.o
                0x08001cd4                SystemInit
 .text.SetSysClock
                0x08001d3c       0xb8 src/system_stm32f10x.o
 .text.Reset_Handler
                0x08001df4       0x48 startup/startup_stm32f10x_md.o
                0x08001df4                Reset_Handler
 .text.Default_Handler
                0x08001e3c        0x2 startup/startup_stm32f10x_md.o
                0x08001e3c                EXTI2_IRQHandler
                0x08001e3c                DebugMon_Handler
                0x08001e3c                TIM1_CC_IRQHandler
                0x08001e3c                HardFault_Handler
                0x08001e3c                PVD_IRQHandler
                0x08001e3c                PendSV_Handler
                0x08001e3c                NMI_Handler
                0x08001e3c                EXTI3_IRQHandler
                0x08001e3c                EXTI0_IRQHandler
                0x08001e3c                I2C2_EV_IRQHandler
                0x08001e3c                UsageFault_Handler
                0x08001e3c                ADC1_2_IRQHandler
                0x08001e3c                SPI1_IRQHandler
                0x08001e3c                TAMPER_IRQHandler
                0x08001e3c                DMA1_Channel4_IRQHandler
                0x08001e3c                USART3_IRQHandler
                0x08001e3c                RTC_IRQHandler
                0x08001e3c                DMA1_Channel7_IRQHandler
                0x08001e3c                CAN1_RX1_IRQHandler
                0x08001e3c                TIM4_IRQHandler
                0x08001e3c                I2C1_EV_IRQHandler
                0x08001e3c                DMA1_Channel6_IRQHandler
                0x08001e3c                RCC_IRQHandler
                0x08001e3c                TIM1_TRG_COM_IRQHandler
                0x08001e3c                DMA1_Channel1_IRQHandler
                0x08001e3c                Default_Handler
                0x08001e3c                EXTI15_10_IRQHandler
                0x08001e3c                SPI2_IRQHandler
                0x08001e3c                MemManage_Handler
                0x08001e3c                SVC_Handler
                0x08001e3c                DMA1_Channel5_IRQHandler
                0x08001e3c                EXTI4_IRQHandler
                0x08001e3c                USB_LP_CAN1_RX0_IRQHandler
                0x08001e3c                USB_HP_CAN1_TX_IRQHandler
                0x08001e3c                DMA1_Channel3_IRQHandler
                0x08001e3c                TIM1_UP_IRQHandler
                0x08001e3c                WWDG_IRQHandler
                0x08001e3c                TIM2_IRQHandler
                0x08001e3c                TIM1_BRK_IRQHandler
                0x08001e3c                EXTI1_IRQHandler
                0x08001e3c                RTCAlarm_IRQHandler
                0x08001e3c                USART2_IRQHandler
                0x08001e3c                I2C2_ER_IRQHandler
                0x08001e3c                DMA1_Channel2_IRQHandler
                0x08001e3c                CAN1_SCE_IRQHandler
                0x08001e3c                FLASH_IRQHandler
                0x08001e3c                BusFault_Handler
                0x08001e3c                USART1_IRQHandler
                0x08001e3c                I2C1_ER_IRQHandler
                0x08001e3c                USBWakeUp_IRQHandler
 *fill*         0x08001e3e        0x2 
 .text.__libc_init_array
                0x08001e40       0x50 c:/ac6/systemworkbench/plugins/fr.ac6.mcu.externaltools.arm-none.win32_1.15.0.201708311556/tools/compiler/bin/../lib/gcc/arm-none-eabi/6.3.1/../../../../arm-none-eabi/lib/thumb/v7-m\libc.a(lib_a-init.o)
                0x08001e40                __libc_init_array
 .text.startup.register_fini
                0x08001e90       0x14 c:/ac6/systemworkbench/plugins/fr.ac6.mcu.externaltools.arm-none.win32_1.15.0.201708311556/tools/compiler/bin/../lib/gcc/arm-none-eabi/6.3.1/../../../../arm-none-eabi/lib/thumb/v7-m\libc.a(lib_a-__call_atexit.o)
 .text.atexit   0x08001ea4        0xc c:/ac6/systemworkbench/plugins/fr.ac6.mcu.externaltools.arm-none.win32_1.15.0.201708311556/tools/compiler/bin/../lib/gcc/arm-none-eabi/6.3.1/../../../../arm-none-eabi/lib/thumb/v7-m\libc.a(lib_a-atexit.o)
                0x08001ea4                atexit
 .text.__libc_fini_array
                0x08001eb0       0x34 c:/ac6/systemworkbench/plugins/fr.ac6.mcu.externaltools.arm-none.win32_1.15.0.201708311556/tools/compiler/bin/../lib/gcc/arm-none-eabi/6.3.1/../../../../arm-none-eabi/lib/thumb/v7-m\libc.a(lib_a-fini.o)
                0x08001eb0                __libc_fini_array
 .text.__retarget_lock_acquire_recursive
                0x08001ee4        0x4 c:/ac6/systemworkbench/plugins/fr.ac6.mcu.externaltools.arm-none.win32_1.15.0.201708311556/tools/compiler/bin/../lib/gcc/arm-none-eabi/6.3.1/../../../../arm-none-eabi/lib/thumb/v7-m\libc.a(lib_a-lock.o)
                0x08001ee4                __retarget_lock_acquire_recursive
 .text.__retarget_lock_release_recursive
                0x08001ee8        0x4 c:/ac6/systemworkbench/plugins/fr.ac6.mcu.externaltools.arm-none.win32_1.15.0.201708311556/tools/compiler/bin/../lib/gcc/arm-none-eabi/6.3.1/../../../../arm-none-eabi/lib/thumb/v7-m\libc.a(lib_a-lock.o)
                0x08001ee8                __retarget_lock_release_recursive
 .text.__register_exitproc
                0x08001eec       0xc4 c:/ac6/systemworkbench/plugins/fr.ac6.mcu.externaltools.arm-none.win32_1.15.0.201708311556/tools/compiler/bin/../lib/gcc/arm-none-eabi/6.3.1/../../../../arm-none-eabi/lib/thumb/v7-m\libc.a(lib_a-__atexit.o)
                0x08001eec                __register_exitproc
 *(.glue_7)
 .glue_7        0x08001fb0        0x0 linker stubs
 *(.glue_7t)
 .glue_7t       0x08001fb0        0x0 linker stubs
 *(.eh_frame)
 .eh_frame      0x08001fb0        0x0 c:/ac6/systemworkbench/plugins/fr.ac6.mcu.externaltools.arm-none.win32_1.15.0.201708311556/tools/compiler/bin/../lib/gcc/arm-none-eabi/6.3.1/thumb/v7-m/crtbegin.o
 *(.init)
 .init          0x08001fb0        0x4 c:/ac6/systemworkbench/plugins/fr.ac6.mcu.externaltools.arm-none.win32_1.15.0.201708311556/tools/compiler/bin/../lib/gcc/arm-none-eabi/6.3.1/thumb/v7-m/crti.o
                0x08001fb0                _init
 .init          0x08001fb4        0x8 c:/ac6/systemworkbench/plugins/fr.ac6.mcu.externaltools.arm-none.win32_1.15.0.201708311556/tools/compiler/bin/../lib/gcc/arm-none-eabi/6.3.1/thumb/v7-m/crtn.o
 *(.fini)
 .fini          0x08001fbc        0x4 c:/ac6/systemworkbench/plugins/fr.ac6.mcu.externaltools.arm-none.win32_1.15.0.201708311556/tools/compiler/bin/../lib/gcc/arm-none-eabi/6.3.1/thumb/v7-m/crti.o
                0x08001fbc                _fini
 .fini          0x08001fc0        0x8 c:/ac6/systemworkbench/plugins/fr.ac6.mcu.externaltools.arm-none.win32_1.15.0.201708311556/tools/compiler/bin/../lib/gcc/arm-none-eabi/6.3.1/thumb/v7-m/crtn.o
                0x08001fc8                . = ALIGN (0x4)
                0x08001fc8                _etext = .

.vfp11_veneer   0x08001fc8        0x0
 .vfp11_veneer  0x08001fc8        0x0 linker stubs

.v4_bx          0x08001fc8        0x0
 .v4_bx         0x08001fc8        0x0 linker stubs

.iplt           0x08001fc8        0x0
 .iplt          0x08001fc8        0x0 c:/ac6/systemworkbench/plugins/fr.ac6.mcu.externaltools.arm-none.win32_1.15.0.201708311556/tools/compiler/bin/../lib/gcc/arm-none-eabi/6.3.1/thumb/v7-m/crtbegin.o

.rodata         0x08001fc8       0x8c
                0x08001fc8                . = ALIGN (0x4)
 *(.rodata)
 .rodata        0x08001fc8       0x21 drv/hall.o
 *fill*         0x08001fe9        0x3 
 .rodata        0x08001fec       0x3b drv/inverter.o
 *fill*         0x08002027        0x1 
 .rodata        0x08002028       0x1a drv/led.o
 *fill*         0x08002042        0x2 
 .rodata        0x08002044        0xb src/main.o
 *(.rodata*)
 *fill*         0x0800204f        0x1 
 .rodata._global_impure_ptr
                0x08002050        0x4 c:/ac6/systemworkbench/plugins/fr.ac6.mcu.externaltools.arm-none.win32_1.15.0.201708311556/tools/compiler/bin/../lib/gcc/arm-none-eabi/6.3.1/../../../../arm-none-eabi/lib/thumb/v7-m\libc.a(lib_a-impure.o)
                0x08002050                _global_impure_ptr
                0x08002054                . = ALIGN (0x4)

.rel.dyn        0x08002054        0x0
 .rel.iplt      0x08002054        0x0 c:/ac6/systemworkbench/plugins/fr.ac6.mcu.externaltools.arm-none.win32_1.15.0.201708311556/tools/compiler/bin/../lib/gcc/arm-none-eabi/6.3.1/thumb/v7-m/crtbegin.o

.ARM.extab
 *(.ARM.extab* .gnu.linkonce.armextab.*)

.ARM            0x08002054        0x0
                0x08002054                __exidx_start = .
 *(.ARM.exidx*)
                0x08002054                __exidx_end = .

.preinit_array  0x08002054        0x0
                0x08002054                PROVIDE (__preinit_array_start, .)
 *(.preinit_array*)
                0x08002054                PROVIDE (__preinit_array_end, .)

.init_array     0x08002054        0x8
                0x08002054                PROVIDE (__init_array_start, .)
 *(SORT(.init_array.*))
 .init_array.00000
                0x08002054        0x4 c:/ac6/systemworkbench/plugins/fr.ac6.mcu.externaltools.arm-none.win32_1.15.0.201708311556/tools/compiler/bin/../lib/gcc/arm-none-eabi/6.3.1/../../../../arm-none-eabi/lib/thumb/v7-m\libc.a(lib_a-__call_atexit.o)
 *(.init_array*)
 .init_array    0x08002058        0x4 c:/ac6/systemworkbench/plugins/fr.ac6.mcu.externaltools.arm-none.win32_1.15.0.201708311556/tools/compiler/bin/../lib/gcc/arm-none-eabi/6.3.1/thumb/v7-m/crtbegin.o
                0x0800205c                PROVIDE (__init_array_end, .)

.fini_array     0x0800205c        0x4
                0x0800205c                PROVIDE (__fini_array_start, .)
 *(SORT(.fini_array.*))
 *(.fini_array*)
 .fini_array    0x0800205c        0x4 c:/ac6/systemworkbench/plugins/fr.ac6.mcu.externaltools.arm-none.win32_1.15.0.201708311556/tools/compiler/bin/../lib/gcc/arm-none-eabi/6.3.1/thumb/v7-m/crtbegin.o
                0x08002060                PROVIDE (__fini_array_end, .)
                0x08002060                _sidata = LOADADDR (.data)

.data           0x20000000      0x444 load address 0x08002060
                0x20000000                . = ALIGN (0x4)
                0x20000000                _sdata = .
 *(.data)
 .data          0x20000000       0x14 StdPeriph_Driver/src/stm32f10x_rcc.o
 .data          0x20000014        0x1 src/main.o
                0x20000014                count
 *(.data*)
 *fill*         0x20000015        0x3 
 .data.impure_data
                0x20000018      0x428 c:/ac6/systemworkbench/plugins/fr.ac6.mcu.externaltools.arm-none.win32_1.15.0.201708311556/tools/compiler/bin/../lib/gcc/arm-none-eabi/6.3.1/../../../../arm-none-eabi/lib/thumb/v7-m\libc.a(lib_a-impure.o)
 .data.__atexit_recursive_mutex
                0x20000440        0x4 c:/ac6/systemworkbench/plugins/fr.ac6.mcu.externaltools.arm-none.win32_1.15.0.201708311556/tools/compiler/bin/../lib/gcc/arm-none-eabi/6.3.1/../../../../arm-none-eabi/lib/thumb/v7-m\libc.a(lib_a-__call_atexit.o)
                0x20000440                __atexit_recursive_mutex
                0x20000444                . = ALIGN (0x4)
                0x20000444                _edata = .

.jcr            0x20000444        0x0 load address 0x080024a4
 .jcr           0x20000444        0x0 c:/ac6/systemworkbench/plugins/fr.ac6.mcu.externaltools.arm-none.win32_1.15.0.201708311556/tools/compiler/bin/../lib/gcc/arm-none-eabi/6.3.1/thumb/v7-m/crtbegin.o

.igot.plt       0x20000444        0x0 load address 0x080024a4
 .igot.plt      0x20000444        0x0 c:/ac6/systemworkbench/plugins/fr.ac6.mcu.externaltools.arm-none.win32_1.15.0.201708311556/tools/compiler/bin/../lib/gcc/arm-none-eabi/6.3.1/thumb/v7-m/crtbegin.o
                0x20000444                . = ALIGN (0x4)

.bss            0x20000444       0x58 load address 0x080024a4
                0x20000444                _sbss = .
                0x20000444                __bss_start__ = _sbss
 *(.bss)
 .bss           0x20000444       0x1c c:/ac6/systemworkbench/plugins/fr.ac6.mcu.externaltools.arm-none.win32_1.15.0.201708311556/tools/compiler/bin/../lib/gcc/arm-none-eabi/6.3.1/thumb/v7-m/crtbegin.o
 .bss           0x20000460        0x4 drv/inverter.o
                0x20000462                PWM_PERIOD
 .bss           0x20000464        0x1 drv/led.o
                0x20000464                LED_State
 *fill*         0x20000465        0x3 
 .bss           0x20000468        0x8 drv/printf.o
 .bss           0x20000470        0x8 src/main.o
                0x20000470                comm_pos
                0x20000474                SYSTEM_CLOCK
 *(.bss*)
 *(COMMON)
 COMMON         0x20000478       0x21 c:/ac6/systemworkbench/plugins/fr.ac6.mcu.externaltools.arm-none.win32_1.15.0.201708311556/tools/compiler/bin/../lib/gcc/arm-none-eabi/6.3.1/../../../../arm-none-eabi/lib/thumb/v7-m\libc.a(lib_a-lock.o)
                0x20000478                __lock___atexit_recursive_mutex
                0x2000047c                __lock___arc4random_mutex
                0x20000480                __lock___env_recursive_mutex
                0x20000484                __lock___sinit_recursive_mutex
                0x20000488                __lock___malloc_recursive_mutex
                0x2000048c                __lock___at_quick_exit_mutex
                0x20000490                __lock___dd_hash_mutex
                0x20000494                __lock___tz_mutex
                0x20000498                __lock___sfp_recursive_mutex
                0x2000049c                . = ALIGN (0x4)
 *fill*         0x20000499        0x3 
                0x2000049c                _ebss = .
                0x2000049c                __bss_end__ = _ebss

._user_heap_stack
                0x2000049c      0x104 load address 0x080024a4
                0x200004a0                . = ALIGN (0x8)
 *fill*         0x2000049c        0x4 
                0x200004a0                PROVIDE (end, .)
                [!provide]                PROVIDE (_end, .)
                0x200004a0                . = (. + _Min_Heap_Size)
                0x200005a0                . = (. + _Min_Stack_Size)
 *fill*         0x200004a0      0x100 
                0x200005a0                . = ALIGN (0x8)

.memory_b1_text
 *(.mb1text)
 *(.mb1text*)
 *(.mb1rodata)
 *(.mb1rodata*)

/DISCARD/
 libc.a(*)
 libm.a(*)
 libgcc.a(*)

.ARM.attributes
                0x00000000       0x29
 *(.ARM.attributes)
 .ARM.attributes
                0x00000000       0x1d c:/ac6/systemworkbench/plugins/fr.ac6.mcu.externaltools.arm-none.win32_1.15.0.201708311556/tools/compiler/bin/../lib/gcc/arm-none-eabi/6.3.1/thumb/v7-m/crti.o
 .ARM.attributes
                0x0000001d       0x2d c:/ac6/systemworkbench/plugins/fr.ac6.mcu.externaltools.arm-none.win32_1.15.0.201708311556/tools/compiler/bin/../lib/gcc/arm-none-eabi/6.3.1/thumb/v7-m/crtbegin.o
 .ARM.attributes
                0x0000004a       0x33 StdPeriph_Driver/src/misc.o
 .ARM.attributes
                0x0000007d       0x33 StdPeriph_Driver/src/stm32f10x_exti.o
 .ARM.attributes
                0x000000b0       0x33 StdPeriph_Driver/src/stm32f10x_gpio.o
 .ARM.attributes
                0x000000e3       0x33 StdPeriph_Driver/src/stm32f10x_rcc.o
 .ARM.attributes
                0x00000116       0x33 StdPeriph_Driver/src/stm32f10x_tim.o
 .ARM.attributes
                0x00000149       0x33 StdPeriph_Driver/src/stm32f10x_usart.o
 .ARM.attributes
                0x0000017c       0x33 drv/hall.o
 .ARM.attributes
                0x000001af       0x33 drv/inverter.o
 .ARM.attributes
                0x000001e2       0x33 drv/led.o
 .ARM.attributes
                0x00000215       0x33 drv/printf.o
 .ARM.attributes
                0x00000248       0x33 drv/uart.o
 .ARM.attributes
                0x0000027b       0x33 src/main.o
 .ARM.attributes
                0x000002ae       0x33 src/system_stm32f10x.o
 .ARM.attributes
                0x000002e1       0x21 startup/startup_stm32f10x_md.o
 .ARM.attributes
                0x00000302       0x2d c:/ac6/systemworkbench/plugins/fr.ac6.mcu.externaltools.arm-none.win32_1.15.0.201708311556/tools/compiler/bin/../lib/gcc/arm-none-eabi/6.3.1/../../../../arm-none-eabi/lib/thumb/v7-m\libc.a(lib_a-impure.o)
 .ARM.attributes
                0x0000032f       0x2d c:/ac6/systemworkbench/plugins/fr.ac6.mcu.externaltools.arm-none.win32_1.15.0.201708311556/tools/compiler/bin/../lib/gcc/arm-none-eabi/6.3.1/../../../../arm-none-eabi/lib/thumb/v7-m\libc.a(lib_a-init.o)
 .ARM.attributes
                0x0000035c       0x2d c:/ac6/systemworkbench/plugins/fr.ac6.mcu.externaltools.arm-none.win32_1.15.0.201708311556/tools/compiler/bin/../lib/gcc/arm-none-eabi/6.3.1/../../../../arm-none-eabi/lib/thumb/v7-m\libc.a(lib_a-__call_atexit.o)
 .ARM.attributes
                0x00000389       0x2d c:/ac6/systemworkbench/plugins/fr.ac6.mcu.externaltools.arm-none.win32_1.15.0.201708311556/tools/compiler/bin/../lib/gcc/arm-none-eabi/6.3.1/../../../../arm-none-eabi/lib/thumb/v7-m\libc.a(lib_a-atexit.o)
 .ARM.attributes
                0x000003b6       0x2d c:/ac6/systemworkbench/plugins/fr.ac6.mcu.externaltools.arm-none.win32_1.15.0.201708311556/tools/compiler/bin/../lib/gcc/arm-none-eabi/6.3.1/../../../../arm-none-eabi/lib/thumb/v7-m\libc.a(lib_a-fini.o)
 .ARM.attributes
                0x000003e3       0x2d c:/ac6/systemworkbench/plugins/fr.ac6.mcu.externaltools.arm-none.win32_1.15.0.201708311556/tools/compiler/bin/../lib/gcc/arm-none-eabi/6.3.1/../../../../arm-none-eabi/lib/thumb/v7-m\libc.a(lib_a-lock.o)
 .ARM.attributes
                0x00000410       0x2d c:/ac6/systemworkbench/plugins/fr.ac6.mcu.externaltools.arm-none.win32_1.15.0.201708311556/tools/compiler/bin/../lib/gcc/arm-none-eabi/6.3.1/../../../../arm-none-eabi/lib/thumb/v7-m\libc.a(lib_a-__atexit.o)
 .ARM.attributes
                0x0000043d       0x1d c:/ac6/systemworkbench/plugins/fr.ac6.mcu.externaltools.arm-none.win32_1.15.0.201708311556/tools/compiler/bin/../lib/gcc/arm-none-eabi/6.3.1/thumb/v7-m/crtn.o
OUTPUT(priusdrive.elf elf32-littlearm)

.debug_info     0x00000000     0x660a
 .debug_info    0x00000000      0x551 StdPeriph_Driver/src/misc.o
 .debug_info    0x00000551      0x364 StdPeriph_Driver/src/stm32f10x_exti.o
 .debug_info    0x000008b5      0x705 StdPeriph_Driver/src/stm32f10x_gpio.o
 .debug_info    0x00000fba      0x8b6 StdPeriph_Driver/src/stm32f10x_rcc.o
 .debug_info    0x00001870     0x1c6f StdPeriph_Driver/src/stm32f10x_tim.o
 .debug_info    0x000034df      0x9ff StdPeriph_Driver/src/stm32f10x_usart.o
 .debug_info    0x00003ede      0x685 drv/hall.o
 .debug_info    0x00004563      0x736 drv/inverter.o
 .debug_info    0x00004c99      0x2b4 drv/led.o
 .debug_info    0x00004f4d      0x405 drv/printf.o
 .debug_info    0x00005352      0x3b4 drv/uart.o
 .debug_info    0x00005706      0x9fe src/main.o
 .debug_info    0x00006104      0x47f src/system_stm32f10x.o
 .debug_info    0x00006583       0x87 startup/startup_stm32f10x_md.o

.debug_abbrev   0x00000000     0x1541
 .debug_abbrev  0x00000000      0x175 StdPeriph_Driver/src/misc.o
 .debug_abbrev  0x00000175      0x16b StdPeriph_Driver/src/stm32f10x_exti.o
 .debug_abbrev  0x000002e0      0x1e0 StdPeriph_Driver/src/stm32f10x_gpio.o
 .debug_abbrev  0x000004c0      0x1d2 StdPeriph_Driver/src/stm32f10x_rcc.o
 .debug_abbrev  0x00000692      0x1c6 StdPeriph_Driver/src/stm32f10x_tim.o
 .debug_abbrev  0x00000858      0x192 StdPeriph_Driver/src/stm32f10x_usart.o
 .debug_abbrev  0x000009ea      0x1e8 drv/hall.o
 .debug_abbrev  0x00000bd2      0x1c9 drv/inverter.o
 .debug_abbrev  0x00000d9b      0x157 drv/led.o
 .debug_abbrev  0x00000ef2      0x196 drv/printf.o
 .debug_abbrev  0x00001088      0x135 drv/uart.o
 .debug_abbrev  0x000011bd      0x208 src/main.o
 .debug_abbrev  0x000013c5      0x16a src/system_stm32f10x.o
 .debug_abbrev  0x0000152f       0x12 startup/startup_stm32f10x_md.o

.debug_aranges  0x00000000      0x870
 .debug_aranges
                0x00000000       0x40 StdPeriph_Driver/src/misc.o
 .debug_aranges
                0x00000040       0x58 StdPeriph_Driver/src/stm32f10x_exti.o
 .debug_aranges
                0x00000098       0xa8 StdPeriph_Driver/src/stm32f10x_gpio.o
 .debug_aranges
                0x00000140      0x118 StdPeriph_Driver/src/stm32f10x_rcc.o
 .debug_aranges
                0x00000258      0x2f0 StdPeriph_Driver/src/stm32f10x_tim.o
 .debug_aranges
                0x00000548      0x100 StdPeriph_Driver/src/stm32f10x_usart.o
 .debug_aranges
                0x00000648       0x50 drv/hall.o
 .debug_aranges
                0x00000698       0x58 drv/inverter.o
 .debug_aranges
                0x000006f0       0x40 drv/led.o
 .debug_aranges
                0x00000730       0x68 drv/printf.o
 .debug_aranges
                0x00000798       0x30 drv/uart.o
 .debug_aranges
                0x000007c8       0x50 src/main.o
 .debug_aranges
                0x00000818       0x30 src/system_stm32f10x.o
 .debug_aranges
                0x00000848       0x28 startup/startup_stm32f10x_md.o

.debug_ranges   0x00000000      0x7b0
 .debug_ranges  0x00000000       0x30 StdPeriph_Driver/src/misc.o
 .debug_ranges  0x00000030       0x48 StdPeriph_Driver/src/stm32f10x_exti.o
 .debug_ranges  0x00000078       0x98 StdPeriph_Driver/src/stm32f10x_gpio.o
 .debug_ranges  0x00000110      0x108 StdPeriph_Driver/src/stm32f10x_rcc.o
 .debug_ranges  0x00000218      0x2e0 StdPeriph_Driver/src/stm32f10x_tim.o
 .debug_ranges  0x000004f8       0xf0 StdPeriph_Driver/src/stm32f10x_usart.o
 .debug_ranges  0x000005e8       0x40 drv/hall.o
 .debug_ranges  0x00000628       0x48 drv/inverter.o
 .debug_ranges  0x00000670       0x30 drv/led.o
 .debug_ranges  0x000006a0       0x70 drv/printf.o
 .debug_ranges  0x00000710       0x20 drv/uart.o
 .debug_ranges  0x00000730       0x40 src/main.o
 .debug_ranges  0x00000770       0x20 src/system_stm32f10x.o
 .debug_ranges  0x00000790       0x20 startup/startup_stm32f10x_md.o

.debug_macro    0x00000000     0xeeb7
 .debug_macro   0x00000000      0x1a1 StdPeriph_Driver/src/misc.o
 .debug_macro   0x000001a1      0x8ce StdPeriph_Driver/src/misc.o
 .debug_macro   0x00000a6f       0x5d StdPeriph_Driver/src/misc.o
 .debug_macro   0x00000acc       0x3a StdPeriph_Driver/src/misc.o
 .debug_macro   0x00000b06       0x22 StdPeriph_Driver/src/misc.o
 .debug_macro   0x00000b28       0x87 StdPeriph_Driver/src/misc.o
 .debug_macro   0x00000baf       0x51 StdPeriph_Driver/src/misc.o
 .debug_macro   0x00000c00       0xef StdPeriph_Driver/src/misc.o
 .debug_macro   0x00000cef       0x6a StdPeriph_Driver/src/misc.o
 .debug_macro   0x00000d59      0x1df StdPeriph_Driver/src/misc.o
 .debug_macro   0x00000f38       0x2d StdPeriph_Driver/src/misc.o
 .debug_macro   0x00000f65      0xa8b StdPeriph_Driver/src/misc.o
 .debug_macro   0x000019f0     0x7eb3 StdPeriph_Driver/src/misc.o
 .debug_macro   0x000098a3      0x2e4 StdPeriph_Driver/src/misc.o
 .debug_macro   0x00009b87      0x14a StdPeriph_Driver/src/misc.o
 .debug_macro   0x00009cd1      0x3cf StdPeriph_Driver/src/misc.o
 .debug_macro   0x0000a0a0       0xc8 StdPeriph_Driver/src/misc.o
 .debug_macro   0x0000a168      0x17b StdPeriph_Driver/src/misc.o
 .debug_macro   0x0000a2e3       0xac StdPeriph_Driver/src/misc.o
 .debug_macro   0x0000a38f      0x3b0 StdPeriph_Driver/src/misc.o
 .debug_macro   0x0000a73f       0x9d StdPeriph_Driver/src/misc.o
 .debug_macro   0x0000a7dc      0x2d5 StdPeriph_Driver/src/misc.o
 .debug_macro   0x0000aab1      0x279 StdPeriph_Driver/src/misc.o
 .debug_macro   0x0000ad2a      0x2ad StdPeriph_Driver/src/misc.o
 .debug_macro   0x0000afd7      0x2b4 StdPeriph_Driver/src/misc.o
 .debug_macro   0x0000b28b       0x64 StdPeriph_Driver/src/misc.o
 .debug_macro   0x0000b2ef       0x82 StdPeriph_Driver/src/misc.o
 .debug_macro   0x0000b371      0x3e2 StdPeriph_Driver/src/misc.o
 .debug_macro   0x0000b753       0x58 StdPeriph_Driver/src/misc.o
 .debug_macro   0x0000b7ab      0x344 StdPeriph_Driver/src/misc.o
 .debug_macro   0x0000baef      0x2c4 StdPeriph_Driver/src/misc.o
 .debug_macro   0x0000bdb3      0x711 StdPeriph_Driver/src/misc.o
 .debug_macro   0x0000c4c4      0x229 StdPeriph_Driver/src/misc.o
 .debug_macro   0x0000c6ed       0x34 StdPeriph_Driver/src/misc.o
 .debug_macro   0x0000c721       0x35 StdPeriph_Driver/src/misc.o
 .debug_macro   0x0000c756       0x86 StdPeriph_Driver/src/misc.o
 .debug_macro   0x0000c7dc      0x1a1 StdPeriph_Driver/src/stm32f10x_exti.o
 .debug_macro   0x0000c97d       0x97 StdPeriph_Driver/src/stm32f10x_exti.o
 .debug_macro   0x0000ca14      0x1ed StdPeriph_Driver/src/stm32f10x_gpio.o
 .debug_macro   0x0000cc01      0x2a7 StdPeriph_Driver/src/stm32f10x_gpio.o
 .debug_macro   0x0000cea8      0x2bb StdPeriph_Driver/src/stm32f10x_rcc.o
 .debug_macro   0x0000d163      0x3dc StdPeriph_Driver/src/stm32f10x_rcc.o
 .debug_macro   0x0000d53f      0x1b7 StdPeriph_Driver/src/stm32f10x_tim.o
 .debug_macro   0x0000d6f6      0x70b StdPeriph_Driver/src/stm32f10x_tim.o
 .debug_macro   0x0000de01      0x253 StdPeriph_Driver/src/stm32f10x_usart.o
 .debug_macro   0x0000e054      0x223 StdPeriph_Driver/src/stm32f10x_usart.o
 .debug_macro   0x0000e277      0x1a2 drv/hall.o
 .debug_macro   0x0000e419      0x1b5 drv/inverter.o
 .debug_macro   0x0000e5ce       0x22 drv/inverter.o
 .debug_macro   0x0000e5f0       0x10 drv/inverter.o
 .debug_macro   0x0000e600      0x1a3 drv/led.o
 .debug_macro   0x0000e7a3       0x29 drv/printf.o
 .debug_macro   0x0000e7cc       0x58 drv/printf.o
 .debug_macro   0x0000e824       0x10 drv/printf.o
 .debug_macro   0x0000e834      0x1a3 drv/uart.o
 .debug_macro   0x0000e9d7      0x1ec src/main.o
 .debug_macro   0x0000ebc3      0x157 src/main.o
 .debug_macro   0x0000ed1a      0x19d src/system_stm32f10x.o

.debug_line     0x00000000     0x5f05
 .debug_line    0x00000000      0x634 StdPeriph_Driver/src/misc.o
 .debug_line    0x00000634      0x68d StdPeriph_Driver/src/stm32f10x_exti.o
 .debug_line    0x00000cc1      0x7b7 StdPeriph_Driver/src/stm32f10x_gpio.o
 .debug_line    0x00001478      0x8b3 StdPeriph_Driver/src/stm32f10x_rcc.o
 .debug_line    0x00001d2b      0xf38 StdPeriph_Driver/src/stm32f10x_tim.o
 .debug_line    0x00002c63      0x885 StdPeriph_Driver/src/stm32f10x_usart.o
 .debug_line    0x000034e8      0x65a drv/hall.o
 .debug_line    0x00003b42      0x6d4 drv/inverter.o
 .debug_line    0x00004216      0x619 drv/led.o
 .debug_line    0x0000482f      0x268 drv/printf.o
 .debug_line    0x00004a97      0x606 drv/uart.o
 .debug_line    0x0000509d      0x7b9 src/main.o
 .debug_line    0x00005856      0x631 src/system_stm32f10x.o
 .debug_line    0x00005e87       0x7e startup/startup_stm32f10x_md.o

.debug_str      0x00000000    0x51fc7
 .debug_str     0x00000000    0x4ea21 StdPeriph_Driver/src/misc.o
                              0x4eb95 (size before relaxing)
 .debug_str     0x0004ea21      0x1e5 StdPeriph_Driver/src/stm32f10x_exti.o
                              0x4eb18 (size before relaxing)
 .debug_str     0x0004ec06      0x5b6 StdPeriph_Driver/src/stm32f10x_gpio.o
                              0x4ef07 (size before relaxing)
 .debug_str     0x0004f1bc      0xb59 StdPeriph_Driver/src/stm32f10x_rcc.o
                              0x4f4ed (size before relaxing)
 .debug_str     0x0004fd15      0xc15 StdPeriph_Driver/src/stm32f10x_tim.o
                              0x4f60b (size before relaxing)
 .debug_str     0x0005092a      0x7f0 StdPeriph_Driver/src/stm32f10x_usart.o
                              0x4f217 (size before relaxing)
 .debug_str     0x0005111a      0x354 drv/hall.o
                              0x4ef9b (size before relaxing)
 .debug_str     0x0005146e      0x1b4 drv/inverter.o
                              0x4ee89 (size before relaxing)
 .debug_str     0x00051622       0x52 drv/led.o
                              0x4eab1 (size before relaxing)
 .debug_str     0x00051674      0x1b3 drv/printf.o
                               0x27a4 (size before relaxing)
 .debug_str     0x00051827       0x4e drv/uart.o
                              0x4eb67 (size before relaxing)
 .debug_str     0x00051875      0x6c3 src/main.o
                              0x4f7df (size before relaxing)
 .debug_str     0x00051f38       0x8f src/system_stm32f10x.o
                              0x4ea7c (size before relaxing)

.comment        0x00000000       0x7f
 .comment       0x00000000       0x7f StdPeriph_Driver/src/misc.o
                                 0x80 (size before relaxing)
 .comment       0x0000007f       0x80 StdPeriph_Driver/src/stm32f10x_exti.o
 .comment       0x0000007f       0x80 StdPeriph_Driver/src/stm32f10x_gpio.o
 .comment       0x0000007f       0x80 StdPeriph_Driver/src/stm32f10x_rcc.o
 .comment       0x0000007f       0x80 StdPeriph_Driver/src/stm32f10x_tim.o
 .comment       0x0000007f       0x80 StdPeriph_Driver/src/stm32f10x_usart.o
 .comment       0x0000007f       0x80 drv/hall.o
 .comment       0x0000007f       0x80 drv/inverter.o
 .comment       0x0000007f       0x80 drv/led.o
 .comment       0x0000007f       0x80 drv/printf.o
 .comment       0x0000007f       0x80 drv/uart.o
 .comment       0x0000007f       0x80 src/main.o
 .comment       0x0000007f       0x80 src/system_stm32f10x.o

.debug_frame    0x00000000     0x24cc
 .debug_frame   0x00000000       0xd8 StdPeriph_Driver/src/misc.o
 .debug_frame   0x000000d8      0x148 StdPeriph_Driver/src/stm32f10x_exti.o
 .debug_frame   0x00000220      0x2d0 StdPeriph_Driver/src/stm32f10x_gpio.o
 .debug_frame   0x000004f0      0x4f4 StdPeriph_Driver/src/stm32f10x_rcc.o
 .debug_frame   0x000009e4      0xe2c StdPeriph_Driver/src/stm32f10x_tim.o
 .debug_frame   0x00001810      0x490 StdPeriph_Driver/src/stm32f10x_usart.o
 .debug_frame   0x00001ca0      0x100 drv/hall.o
 .debug_frame   0x00001da0      0x120 drv/inverter.o
 .debug_frame   0x00001ec0       0xb0 drv/led.o
 .debug_frame   0x00001f70      0x1b8 drv/printf.o
 .debug_frame   0x00002128       0x74 drv/uart.o
 .debug_frame   0x0000219c       0xf4 src/main.o
 .debug_frame   0x00002290       0x7c src/system_stm32f10x.o
 .debug_frame   0x0000230c       0x2c c:/ac6/systemworkbench/plugins/fr.ac6.mcu.externaltools.arm-none.win32_1.15.0.201708311556/tools/compiler/bin/../lib/gcc/arm-none-eabi/6.3.1/../../../../arm-none-eabi/lib/thumb/v7-m\libc.a(lib_a-init.o)
 .debug_frame   0x00002338       0x5c c:/ac6/systemworkbench/plugins/fr.ac6.mcu.externaltools.arm-none.win32_1.15.0.201708311556/tools/compiler/bin/../lib/gcc/arm-none-eabi/6.3.1/../../../../arm-none-eabi/lib/thumb/v7-m\libc.a(lib_a-__call_atexit.o)
 .debug_frame   0x00002394       0x20 c:/ac6/systemworkbench/plugins/fr.ac6.mcu.externaltools.arm-none.win32_1.15.0.201708311556/tools/compiler/bin/../lib/gcc/arm-none-eabi/6.3.1/../../../../arm-none-eabi/lib/thumb/v7-m\libc.a(lib_a-atexit.o)
 .debug_frame   0x000023b4       0x34 c:/ac6/systemworkbench/plugins/fr.ac6.mcu.externaltools.arm-none.win32_1.15.0.201708311556/tools/compiler/bin/../lib/gcc/arm-none-eabi/6.3.1/../../../../arm-none-eabi/lib/thumb/v7-m\libc.a(lib_a-fini.o)
 .debug_frame   0x000023e8       0xb0 c:/ac6/systemworkbench/plugins/fr.ac6.mcu.externaltools.arm-none.win32_1.15.0.201708311556/tools/compiler/bin/../lib/gcc/arm-none-eabi/6.3.1/../../../../arm-none-eabi/lib/thumb/v7-m\libc.a(lib_a-lock.o)
 .debug_frame   0x00002498       0x34 c:/ac6/systemworkbench/plugins/fr.ac6.mcu.externaltools.arm-none.win32_1.15.0.201708311556/tools/compiler/bin/../lib/gcc/arm-none-eabi/6.3.1/../../../../arm-none-eabi/lib/thumb/v7-m\libc.a(lib_a-__atexit.o)
